// Jest Snapshot v1, https://goo.gl/fbAQLP

exports[`App renders app component correctly 1`] = `
<DocumentFragment>
  <div
    class="App"
  >
    <div
      class="navBar"
    >
      <img
        alt="surreal estate logo"
        class="logo"
        src="/logo.png"
      />
      <span
        class="navbar-heading"
      >
        Surreal Estate
      </span>
      <ul
        class="navbar-links"
      >
        <li
          class="navbar-links-item"
        >
          <a
            href="/"
          >
            View Properties
          </a>
        </li>
        <li
          class="navbar-links-item"
        >
          <a
            href="/add"
          >
            Add Properties
          </a>
        </li>
      </ul>
    </div>
    <div
      class="add-property"
    >
      <h2>
        Add Property
      </h2>
      <form>
        <label
          for="title"
        >
          Search:
          <input
            id="title"
            name="title"
            placeholder="description"
            value=""
          />
        </label>
        <label
          for="city"
        >
          Location:
          <select
            id="city"
            name="city"
          >
            <option
              value="Manchester"
            >
              Manchester
            </option>
            <option
              value="Liverpool"
            >
              Liverpool
            </option>
            <option
              value="Leeds"
            >
              Leeds
            </option>
            <option
              value="Sheffield"
            >
              Sheffield
            </option>
          </select>
        </label>
        <label
          for="type"
        >
          Type of property:
          <select
            id="type"
            name="type"
          >
            <option
              value="Flat"
            >
              Flat
            </option>
            <option
              value="Detached"
            >
              Detached
            </option>
            <option
              value="Semi-Detached"
            >
              Semi-Detached
            </option>
            <option
              value="Terraced"
            >
              Terraced
            </option>
            <option
              value="End of Terrace"
            >
              End of Terrace
            </option>
            <option
              value="Cottage"
            >
              Cottage
            </option>
            <option
              value="Bungalow"
            >
              Bungalow
            </option>
          </select>
        </label>
        <label
          for="bedrooms"
        >
          Min. bedrooms:
          <input
            id="bedrooms"
            name="bedrooms"
            placeholder="bedrooms"
            value="0"
          />
        </label>
        <label
          for="bathrooms"
        >
          Min. bathrooms:
          <input
            id="bathrooms"
            name="bathrooms"
            placeholder="bathrooms"
            value="0"
          />
        </label>
        <label
          for="price"
        >
          Min. Price:
          <input
            id="price"
            name="price"
            placeholder="price"
            value="0"
          />
        </label>
        <label
          for="email"
        >
          Email:
          <input
            id="email"
            name="email"
            placeholder="email"
            type="email"
            value=""
          />
        </label>
        <button
          class="add-button"
          type="submit"
        >
          Add
        </button>
      </form>
    </div>
  </div>
</DocumentFragment>
`;
